Microchip MPLAB XC8 Compiler V2.00 ()

Linker command line:

-W-3 --edf=/Applications/microchip/xc8/v2.00/pic/dat/en_msgs.txt -cs \
  -h+dist/default/production/LEDTest.X.production.sym \
  --cmf=dist/default/production/LEDTest.X.production.cmf -z -Q16F1707 \
  -o/tmp/xcYqTrO8r --defsym=__MPLAB_BUILD=1 \
  -Mdist/default/production/LEDTest.X.production.map -E1 -ver=XC8 \
  -ASTACK=0208Bh-020efh -pstack=STACK -ACODE=00h-07FFh -ASTRCODE=00h-07FFh \
  -ASTRING=00h-0FFhx8 -ACONST=00h-0FFhx8 -AENTRY=00h-0FFhx8 \
  -ACOMMON=070h-07Fh -ABANK0=020h-06Fh -ABANK1=0A0h-0EFh \
  -ABANK2=0120h-016Fh -ABIGRAM=02000h-020EFh \
  -ARAM=020h-06Fh,0A0h-0EFh,0120h-016Fh \
  -AABS1=020h-07Fh,0A0h-0EFh,0120h-016Fh -ASFR0=00h-01Fh -ASFR1=080h-09Fh \
  -ASFR2=0100h-011Fh -ASFR3=0180h-01EFh -ASFR4=0200h-026Fh \
  -ASFR5=0280h-02EFh -ASFR6=0300h-036Fh -ASFR7=0380h-03EFh \
  -ASFR8=0400h-046Fh -ASFR9=0480h-04EFh -ASFR10=0500h-056Fh \
  -ASFR11=0580h-05EFh -ASFR12=0600h-066Fh -ASFR13=0680h-06EFh \
  -ASFR14=0700h-076Fh -ASFR15=0780h-07EFh -ASFR16=0800h-086Fh \
  -ASFR17=0880h-08EFh -ASFR18=0900h-096Fh -ASFR19=0980h-09EFh \
  -ASFR20=0A00h-0A6Fh -ASFR21=0A80h-0AEFh -ASFR22=0B00h-0B6Fh \
  -ASFR23=0B80h-0BEFh -ASFR24=0C00h-0C6Fh -ASFR25=0C80h-0CEFh \
  -ASFR26=0D00h-0D6Fh -ASFR27=0D80h-0DEFh -ASFR28=0E00h-0E6Fh \
  -ASFR29=0E80h-0EEFh -ASFR30=0F00h-0F6Fh -ASFR31=0F80h-0FEFh \
  -preset_vec=00h,intentry=04h,init,end_init -ppowerup=CODE -pcinit=CODE \
  -pfunctab=ENTRY -ACONFIG=08007h-08008h -pconfig=CONFIG -DCONFIG=2 \
  -AIDLOC=08000h-08003h -pidloc=IDLOC -DIDLOC=2 -DCODE=2 -DSTRCODE=2 \
  -DSTRING=2 -DCONST=2 -DENTRY=2 -k /tmp/xc3cQMWdF.o \
  dist/default/production/LEDTest.X.production.o 

Object code version is 3.11

Machine type is 16F1707



                Name                               Link     Load   Length Selector   Space Scale
/tmp/xc3cQMWdF.o
                end_init                             25       25        1        8       0
                reset_vec                             0        0        1        0       0
                config                             8007     8007        2    1000E       0
dist/default/production/LEDTest.X.production.o
                cinit                                26       26       1E        8       0
                intentry                              4        4       21        8       0
                text36                              7F9      7F9        1      F58       0
                text35                              781      781       10        8       0
                text34                              734      734       17        8       0
                swtext1                             7A0      7A0        C      F40       0
                text33                              1FE      1FE      130        8       0
                text32                              7F0      7F0        4      F58       0
                text31                              7F8      7F8        1      F58       0
                text30                              7AC      7AC        B      F58       0
                text29                              74B      74B       13        8       0
                text27                              485      485       52        8       0
                text26                              6BE      6BE       20        8       0
                text25                              673      673       27        8       0
                text24                              69A      69A       24        8       0
                text23                              624      624       28        8       0
                text22                              64C      64C       27        8       0
                text21                              3AA      3AA       6F        8       0
                text20                              791      791        F        8       0
                text19                              75E      75E       12        8       0
                text18                              7C1      7C1        A      F58       0
                text17                              6DE      6DE       1F        8       0
                text16                              4D7      4D7       4B        8       0
                text15                              59F      59F       30        8       0
                text14                              56A      56A       35        8       0
                text13                              6FD      6FD       1C        8       0
                text12                               44       44      1BA        8       0
                text11                              5FC      5FC       28        8       0
                text10                              5CF      5CF       2D        8       0
                text9                               419      419       6C        8       0
                text8                               719      719       1B        8       0
                text7                               7E6      7E6        6      F58       0
                text6                               522      522       48        8       0
                text5                               7CB      7CB        9      F58       0
                text4                               7F4      7F4        3      F58       0
                text3                               770      770       11        8       0
                text2                               7EC      7EC        4      F58       0
                text1                               7E0      7E0        6      F58       0
                maintext                            32E      32E       7C        8       0
                cstackBANK0                          20       20       4B       20       1
                cstackCOMMON                         76       76        6       70       1
                cstackBANK1                          C2       C2        D       A0       1
                clrtext                             7DA      7DA        6      F58       0
                inittext                            7D4      7D4        6      F58       0
                dataBANK1                            CF       CF        A       A0       1
                bssBANK1                             A0       A0       22       A0       1
                dataBANK0                            6E       6E        1       20       1
                bssBANK0                             6B       6B        3       20       1
                bssCOMMON                            70       70        6       70       1
                nvBANK1                              D9       D9        2       A0       1
                idataBANK1                          7B7      7B7        A      F58       0
                idataBANK0                          7F7      7F7        1      F58       0

TOTAL           Name                               Link     Load   Length     Space
        CLASS   STACK          

        CLASS   CODE           
                end_init                             25       25        1         0
                cinit                                26       26       1E         0
                intentry                              4        4       21         0
                reset_vec                             0        0        1         0
                text36                              7F9      7F9        1         0
                text35                              781      781       10         0
                text34                              734      734       17         0
                text33                              1FE      1FE      130         0
                text32                              7F0      7F0        4         0
                text31                              7F8      7F8        1         0
                text30                              7AC      7AC        B         0
                text29                              74B      74B       13         0
                text27                              485      485       52         0
                text26                              6BE      6BE       20         0
                text25                              673      673       27         0
                text24                              69A      69A       24         0
                text23                              624      624       28         0
                text22                              64C      64C       27         0
                text21                              3AA      3AA       6F         0
                text20                              791      791        F         0
                text19                              75E      75E       12         0
                text18                              7C1      7C1        A         0
                text17                              6DE      6DE       1F         0
                text16                              4D7      4D7       4B         0
                text15                              59F      59F       30         0
                text14                              56A      56A       35         0
                text13                              6FD      6FD       1C         0
                text12                               44       44      1BA         0
                text11                              5FC      5FC       28         0
                text10                              5CF      5CF       2D         0
                text9                               419      419       6C         0
                text8                               719      719       1B         0
                text7                               7E6      7E6        6         0
                text6                               522      522       48         0
                text5                               7CB      7CB        9         0
                text4                               7F4      7F4        3         0
                text3                               770      770       11         0
                text2                               7EC      7EC        4         0
                text1                               7E0      7E0        6         0
                maintext                            32E      32E       7C         0
                clrtext                             7DA      7DA        6         0
                inittext                            7D4      7D4        6         0
                idataBANK1                          7B7      7B7        A         0
                idataBANK0                          7F7      7F7        1         0

        CLASS   STRCODE        

        CLASS   STRING         

        CLASS   CONST          
                swtext1                             7A0      7A0        C         0

        CLASS   ENTRY          

        CLASS   COMMON         
                cstackCOMMON                         76       76        6         1
                bssCOMMON                            70       70        6         1

        CLASS   BANK0          
                cstackBANK0                          20       20       4B         1
                dataBANK0                            6E       6E        1         1
                bssBANK0                             6B       6B        3         1

        CLASS   BANK1          
                cstackBANK1                          C2       C2        D         1
                dataBANK1                            CF       CF        A         1
                bssBANK1                             A0       A0       22         1
                nvBANK1                              D9       D9        2         1

        CLASS   BANK2          

        CLASS   BIGRAM         

        CLASS   RAM            

        CLASS   ABS1           
                abs_s1                               7E       7E        2         1

        CLASS   SFR0           

        CLASS   SFR1           

        CLASS   SFR2           

        CLASS   SFR3           

        CLASS   SFR4           

        CLASS   SFR5           

        CLASS   SFR6           

        CLASS   SFR7           

        CLASS   SFR8           

        CLASS   SFR9           

        CLASS   SFR10          

        CLASS   SFR11          

        CLASS   SFR12          

        CLASS   SFR13          

        CLASS   SFR14          

        CLASS   SFR15          

        CLASS   SFR16          

        CLASS   SFR17          

        CLASS   SFR18          

        CLASS   SFR19          

        CLASS   SFR20          

        CLASS   SFR21          

        CLASS   SFR22          

        CLASS   SFR23          

        CLASS   SFR24          

        CLASS   SFR25          

        CLASS   SFR26          

        CLASS   SFR27          

        CLASS   SFR28          

        CLASS   SFR29          

        CLASS   SFR30          

        CLASS   SFR31          

        CLASS   CONFIG         
                config                             8007     8007        2         0

        CLASS   IDLOC          

        CLASS   BANK31         

        CLASS   BANK30         

        CLASS   BANK29         

        CLASS   BANK28         

        CLASS   BANK27         

        CLASS   BANK26         

        CLASS   BANK25         

        CLASS   BANK24         

        CLASS   BANK23         

        CLASS   BANK22         

        CLASS   BANK21         

        CLASS   BANK20         

        CLASS   BANK19         

        CLASS   BANK18         

        CLASS   BANK17         

        CLASS   BANK16         

        CLASS   BANK15         

        CLASS   BANK14         

        CLASS   BANK13         

        CLASS   BANK12         

        CLASS   BANK11         

        CLASS   BANK10         

        CLASS   BANK9          

        CLASS   BANK8          

        CLASS   BANK7          

        CLASS   BANK6          

        CLASS   BANK5          

        CLASS   BANK4          

        CLASS   BANK3          

        CLASS   EEDATA         



SEGMENTS        Name                           Load    Length   Top    Selector   Space  Class     Delta

                reset_vec                      000000  000001  000001         0       0  CODE        2
                intentry                       000004  00079C  0007A0         8       0  CODE        2
                cstackBANK0                    000020  00004F  00006F        20       1  BANK0       1
                bssCOMMON                      000070  00000C  00007C        70       1  COMMON      1
                bssBANK1                       0000A0  00003B  0000DB        A0       1  BANK1       1
                swtext1                        0007A0  00000C  0007AC       F40       0  CONST       2
                text30                         0007AC  00004E  0007FA       F58       0  CODE        2
                config                         008007  000002  008009     1000E       0  CONFIG      2


UNUSED ADDRESS RANGES

        Name                Unused          Largest block    Delta
        BANK0            0006F-0006F               1           1
        BANK1            000DB-000EF              15           1
        BANK2            00120-0016F              50           1
        BIGRAM           02000-020EF              F0           1
        CODE             00001-00003               3           2
                         007FA-007FF               6
        COMMON           0007C-0007D               2           1
        CONST            00001-00003               3           2
                         007FA-007FF               6
        ENTRY            00001-00003               3           2
                         007FA-007FF               6
        IDLOC            08000-08003               4           2
        RAM              0006F-0006F               1           1
                         000DB-000EF              15
                         00120-0016F              50
        SFR0             00000-0001F              20           1
        SFR1             00080-0009F              20           1
        SFR10            00500-0056F              70           1
        SFR11            00580-005EF              70           1
        SFR12            00600-0066F              70           1
        SFR13            00680-006EF              70           1
        SFR14            00700-0076F              70           1
        SFR15            00780-007EF              70           1
        SFR16            00800-0086F              70           1
        SFR17            00880-008EF              70           1
        SFR18            00900-0096F              70           1
        SFR19            00980-009EF              70           1
        SFR2             00100-0011F              20           1
        SFR20            00A00-00A6F              70           1
        SFR21            00A80-00AEF              70           1
        SFR22            00B00-00B6F              70           1
        SFR23            00B80-00BEF              70           1
        SFR24            00C00-00C6F              70           1
        SFR25            00C80-00CEF              70           1
        SFR26            00D00-00D6F              70           1
        SFR27            00D80-00DEF              70           1
        SFR28            00E00-00E6F              70           1
        SFR29            00E80-00EEF              70           1
        SFR3             00180-001EF              70           1
        SFR30            00F00-00F6F              70           1
        SFR31            00F80-00FEF              70           1
        SFR4             00200-0026F              70           1
        SFR5             00280-002EF              70           1
        SFR6             00300-0036F              70           1
        SFR7             00380-003EF              70           1
        SFR8             00400-0046F              70           1
        SFR9             00480-004EF              70           1
        STACK            0208B-020EF              65           1
        STRCODE          00001-00003               3           2
                         007FA-007FF               6
        STRING           00001-00003               3           2
                         007FA-007FF               6

                                  Symbol Table

?_BMP280_read16                           cstackBANK0  0003D
?_BMP280_read24_le                        cstackBANK0  0003D
?_BMP280_readS16                          cstackBANK0  00043
?_BMP280_readTemperature                  cstackBANK0  00051
?___lmul                                  cstackBANK0  00020
?___lwdiv                                 cstackBANK0  00026
?___lwmod                                 cstackBANK0  00020
?___wmul                                  cstackBANK0  00020
BMP280_Read@address                       cstackBANK0  00036
BMP280_Read@counter                       cstackBANK0  00037
BMP280_Read@nCount                        cstackBANK0  0002F
BMP280_Read@pD                            cstackBANK0  00039
BMP280_Read@pData                         cstackBANK0  0002E
BMP280_Read@ret                           cstackBANK0  00032
BMP280_Read@status                        cstackBANK0  0003C
BMP280_Read@timeOut                       cstackBANK0  0003A
BMP280_Read@writeBuffer                   cstackBANK0  00033
BMP280_Write8@address                     cstackBANK0  00031
BMP280_Write8@pData                       cstackBANK0  0002E
BMP280_Write8@status                      cstackBANK0  00034
BMP280_Write8@writeBuffer                 cstackBANK0  00032
BMP280_read16@reg                         cstackBANK0  00040
BMP280_read16@value                       cstackBANK0  00041
BMP280_read24_le@F2349                    bssBANK1     000AF
BMP280_read24_le@reg                      cstackBANK0  0004D
BMP280_read24_le@value                    cstackBANK0  0004E
BMP280_read8@reg                          cstackBANK0  0003E
BMP280_read8@value                        cstackBANK0  0003F
BMP280_readS16@reg                        cstackBANK0  00046
BMP280_readTemperature@T                  cstackBANK1  000C6
BMP280_readTemperature@adc_T              cstackBANK1  000C8
DisplayNum@decPos                         cstackBANK0  00030
DisplayNum@i                              cstackBANK0  00033
DisplayNum@outChar                        cstackBANK0  00032
DisplayNum@val                            cstackBANK0  0002E
I2C_ISR@i2c_10bit_address_restart         bssBANK0     0006B
I2C_ISR@i2c_address                       bssCOMMON    00074
I2C_ISR@i2c_bytes_left                    bssBANK0     0006C
I2C_ISR@pi2c_buf_ptr                      bssBANK0     0006D
I2C_MasterRead@address                    cstackBANK0  00028
I2C_MasterRead@length                     cstackBANK0  00027
I2C_MasterRead@pdata                      cstackBANK0  0002D
I2C_MasterRead@pflag                      cstackBANK0  0002A
I2C_MasterRead@trBlock                    bssBANK1     000B7
I2C_MasterReadTRBBuild@address            cstackBANK0  00022
I2C_MasterReadTRBBuild@length             cstackBANK0  00021
I2C_MasterReadTRBBuild@pdata              cstackBANK0  00020
I2C_MasterReadTRBBuild@ptrb               cstackBANK0  00026
I2C_MasterTRBInsert@count                 cstackBANK0  00023
I2C_MasterTRBInsert@pflag                 cstackBANK0  00021
I2C_MasterTRBInsert@ptrb_list             cstackBANK0  00020
I2C_MasterWrite@address                   cstackBANK0  00028
I2C_MasterWrite@length                    cstackBANK0  00027
I2C_MasterWrite@pdata                     cstackBANK0  0002D
I2C_MasterWrite@pflag                     cstackBANK0  0002A
I2C_MasterWrite@trBlock                   bssBANK1     000BB
I2C_MasterWriteTRBBuild@address           cstackBANK0  00022
I2C_MasterWriteTRBBuild@length            cstackBANK0  00021
I2C_MasterWriteTRBBuild@pdata             cstackBANK0  00020
I2C_MasterWriteTRBBuild@ptrb              cstackBANK0  00026
I2C_Stop@completion_code                  cstackCOMMON 00077
PIN_MANAGER_Initialize@state              cstackBANK0  00020
ShiftOut@i                                cstackBANK0  00022
ShiftOut@thisByte                         cstackBANK0  00021
TMR2_ISR@CountCallBack                    bssBANK1     000B2
TMR2_SetInterruptHandler@InterruptHandler cstackBANK0  00020
_ANSELA                                   (abs)        0018C
_ANSELB                                   (abs)        0018D
_ANSELC                                   (abs)        0018E
_BMP280_Read                              text21       003AA
_BMP280_Write8                            text24       0069A
_BMP280_read16                            text19       0075E
_BMP280_read24_le                         text16       004D7
_BMP280_read8                             text20       00791
_BMP280_readCoefficients                  text17       006DE
_BMP280_readS16                           text18       007C1
_BMP280_readTemperature                   text12       00044
_BMP280_readTemperature$1161              cstackBANK1  000C2
_Decimal                                  dataBANK0    0006E
_Digits                                   dataBANK1    000CF
_DisplayNum                               text9        00419
_GIE                                      (abs)        0005F
_I2C_BusCollisionISR                      text36       007F9
_I2C_FunctionComplete                     text35       00781
_I2C_ISR                                  text33       001FE
_I2C_Initialize                           text8        00719
_I2C_MasterRead                           text22       0064C
_I2C_MasterReadTRBBuild                   text23       00624
_I2C_MasterTRBInsert                      text27       00485
_I2C_MasterWrite                          text25       00673
_I2C_MasterWriteTRBBuild                  text26       006BE
_I2C_Stop                                 text34       00734
_INTCONbits                               (abs)        0000B
_INTERRUPT_InterruptManager               intentry     00004
_LATA                                     (abs)        0010C
_LATB                                     (abs)        0010D
_LATC                                     (abs)        0010E
_LATCbits                                 (abs)        0010E
_ODCONA                                   (abs)        0028C
_ODCONB                                   (abs)        0028D
_ODCONC                                   (abs)        0028E
_OPTION_REGbits                           (abs)        00095
_OSCCON                                   (abs)        00099
_OSCILLATOR_Initialize                    text7        007E6
_OSCSTAT                                  (abs)        0009A
_OSCTUNE                                  (abs)        00098
_PIE1bits                                 (abs)        00091
_PIE2bits                                 (abs)        00092
_PIN_MANAGER_Initialize                   text6        00522
_PIR1bits                                 (abs)        00011
_PIR2bits                                 (abs)        00012
_PPSLOCK                                  (abs)        00E0F
_PPSLOCKbits                              (abs)        00E0F
_PR2                                      (abs)        0001B
_RB4PPSbits                               (abs)        00E9C
_RB6PPSbits                               (abs)        00E9E
_SSP1ADD                                  (abs)        00212
_SSP1BUF                                  (abs)        00211
_SSP1CON1                                 (abs)        00215
_SSP1CON1bits                             (abs)        00215
_SSP1CON2bits                             (abs)        00216
_SSP1CON3                                 (abs)        00217
_SSP1STAT                                 (abs)        00214
_SSPCLKPPSbits                            (abs)        00E20
_SSPDATPPSbits                            (abs)        00E21
_SYSTEM_Initialize                        text1        007E0
_ShiftOut                                 text11       005FC
_T2CON                                    (abs)        0001C
_T2CONbits                                (abs)        0001C
_TMR2                                     (abs)        0001A
_TMR2_CallBack                            text30       007AC
_TMR2_DefaultInterruptHandler             text31       007F8
_TMR2_ISR                                 text29       0074B
_TMR2_Initialize                          text3        00770
_TMR2_InterruptHandler                    nvBANK1      000D9
_TMR2_SetInterruptHandler                 text5        007CB
_TMR2_StartTimer                          text4        007F4
_TRISA                                    (abs)        0008C
_TRISB                                    (abs)        0008D
_TRISC                                    (abs)        0008E
_TickISR                                  text32       007F0
_WDTCON                                   (abs)        00097
_WDT_Initialize                           text2        007EC
_WPUA                                     (abs)        0020C
_WPUB                                     (abs)        0020D
_WPUC                                     (abs)        0020E
__CFG_BOREN$ON                            (abs)        00000
__CFG_BORV$LO                             (abs)        00000
__CFG_CLKOUTEN$OFF                        (abs)        00000
__CFG_CP$OFF                              (abs)        00000
__CFG_FOSC$INTOSC                         (abs)        00000
__CFG_LPBOR$OFF                           (abs)        00000
__CFG_LVP$ON                              (abs)        00000
__CFG_MCLRE$ON                            (abs)        00000
__CFG_PLLEN$OFF                           (abs)        00000
__CFG_PPS1WAY$ON                          (abs)        00000
__CFG_PWRTE$OFF                           (abs)        00000
__CFG_STVREN$ON                           (abs)        00000
__CFG_WDTE$OFF                            (abs)        00000
__CFG_WRT$OFF                             (abs)        00000
__CFG_ZCDDIS$ON                           (abs)        00000
__Habs1                                   abs1         00000
__Hbank0                                  bank0        00000
__Hbank1                                  bank1        00000
__Hbank10                                 bank10       00000
__Hbank11                                 bank11       00000
__Hbank12                                 bank12       00000
__Hbank13                                 bank13       00000
__Hbank14                                 bank14       00000
__Hbank15                                 bank15       00000
__Hbank16                                 bank16       00000
__Hbank17                                 bank17       00000
__Hbank18                                 bank18       00000
__Hbank19                                 bank19       00000
__Hbank2                                  bank2        00000
__Hbank20                                 bank20       00000
__Hbank21                                 bank21       00000
__Hbank22                                 bank22       00000
__Hbank23                                 bank23       00000
__Hbank24                                 bank24       00000
__Hbank25                                 bank25       00000
__Hbank26                                 bank26       00000
__Hbank27                                 bank27       00000
__Hbank28                                 bank28       00000
__Hbank29                                 bank29       00000
__Hbank3                                  bank3        00000
__Hbank30                                 bank30       00000
__Hbank31                                 bank31       00000
__Hbank4                                  bank4        00000
__Hbank5                                  bank5        00000
__Hbank6                                  bank6        00000
__Hbank7                                  bank7        00000
__Hbank8                                  bank8        00000
__Hbank9                                  bank9        00000
__Hbigram                                 bigram       00000
__HbssBANK0                               bssBANK0     00000
__HbssBANK1                               bssBANK1     00000
__HbssCOMMON                              bssCOMMON    00000
__Hcinit                                  cinit        00044
__Hclrtext                                clrtext      00000
__Hcode                                   code         00000
__Hcommon                                 common       00000
__Hconfig                                 config       08009
__HcstackBANK0                            cstackBANK0  00000
__HcstackBANK1                            cstackBANK1  00000
__HcstackCOMMON                           cstackCOMMON 00000
__HdataBANK0                              dataBANK0    00000
__HdataBANK1                              dataBANK1    00000
__Heeprom_data                            eeprom_data  00000
__Hend_init                               end_init     00026
__Hfunctab                                functab      00000
__HidataBANK0                             idataBANK0   00000
__HidataBANK1                             idataBANK1   00000
__Hidloc                                  idloc        00000
__Hinit                                   init         00025
__Hinittext                               inittext     00000
__Hintentry                               intentry     00025
__Hmaintext                               maintext     00000
__HnvBANK1                                nvBANK1      00000
__Hpowerup                                powerup      00000
__Hram                                    ram          00000
__Hreset_vec                              reset_vec    00001
__Hsfr0                                   sfr0         00000
__Hsfr1                                   sfr1         00000
__Hsfr10                                  sfr10        00000
__Hsfr11                                  sfr11        00000
__Hsfr12                                  sfr12        00000
__Hsfr13                                  sfr13        00000
__Hsfr14                                  sfr14        00000
__Hsfr15                                  sfr15        00000
__Hsfr16                                  sfr16        00000
__Hsfr17                                  sfr17        00000
__Hsfr18                                  sfr18        00000
__Hsfr19                                  sfr19        00000
__Hsfr2                                   sfr2         00000
__Hsfr20                                  sfr20        00000
__Hsfr21                                  sfr21        00000
__Hsfr22                                  sfr22        00000
__Hsfr23                                  sfr23        00000
__Hsfr24                                  sfr24        00000
__Hsfr25                                  sfr25        00000
__Hsfr26                                  sfr26        00000
__Hsfr27                                  sfr27        00000
__Hsfr28                                  sfr28        00000
__Hsfr29                                  sfr29        00000
__Hsfr3                                   sfr3         00000
__Hsfr30                                  sfr30        00000
__Hsfr31                                  sfr31        00000
__Hsfr4                                   sfr4         00000
__Hsfr5                                   sfr5         00000
__Hsfr6                                   sfr6         00000
__Hsfr7                                   sfr7         00000
__Hsfr8                                   sfr8         00000
__Hsfr9                                   sfr9         00000
__Hspace_0                                (abs)        08009
__Hspace_1                                (abs)        000DB
__Hspace_2                                (abs)        00000
__Hspace_3                                (abs)        00000
__Hstack                                  stack        00000
__Hstrings                                strings      00000
__Htext                                   text         00000
__Labs1                                   abs1         00000
__Lbank0                                  bank0        00000
__Lbank1                                  bank1        00000
__Lbank10                                 bank10       00000
__Lbank11                                 bank11       00000
__Lbank12                                 bank12       00000
__Lbank13                                 bank13       00000
__Lbank14                                 bank14       00000
__Lbank15                                 bank15       00000
__Lbank16                                 bank16       00000
__Lbank17                                 bank17       00000
__Lbank18                                 bank18       00000
__Lbank19                                 bank19       00000
__Lbank2                                  bank2        00000
__Lbank20                                 bank20       00000
__Lbank21                                 bank21       00000
__Lbank22                                 bank22       00000
__Lbank23                                 bank23       00000
__Lbank24                                 bank24       00000
__Lbank25                                 bank25       00000
__Lbank26                                 bank26       00000
__Lbank27                                 bank27       00000
__Lbank28                                 bank28       00000
__Lbank29                                 bank29       00000
__Lbank3                                  bank3        00000
__Lbank30                                 bank30       00000
__Lbank31                                 bank31       00000
__Lbank4                                  bank4        00000
__Lbank5                                  bank5        00000
__Lbank6                                  bank6        00000
__Lbank7                                  bank7        00000
__Lbank8                                  bank8        00000
__Lbank9                                  bank9        00000
__Lbigram                                 bigram       00000
__LbssBANK0                               bssBANK0     00000
__LbssBANK1                               bssBANK1     00000
__LbssCOMMON                              bssCOMMON    00000
__Lcinit                                  cinit        00026
__Lclrtext                                clrtext      00000
__Lcode                                   code         00000
__Lcommon                                 common       00000
__Lconfig                                 config       08007
__LcstackBANK0                            cstackBANK0  00000
__LcstackBANK1                            cstackBANK1  00000
__LcstackCOMMON                           cstackCOMMON 00000
__LdataBANK0                              dataBANK0    00000
__LdataBANK1                              dataBANK1    00000
__Leeprom_data                            eeprom_data  00000
__Lend_init                               end_init     00025
__Lfunctab                                functab      00000
__LidataBANK0                             idataBANK0   00000
__LidataBANK1                             idataBANK1   00000
__Lidloc                                  idloc        00000
__Linit                                   init         00025
__Linittext                               inittext     00000
__Lintentry                               intentry     00004
__Lmaintext                               maintext     00000
__LnvBANK1                                nvBANK1      00000
__Lpowerup                                powerup      00000
__Lram                                    ram          00000
__Lreset_vec                              reset_vec    00000
__Lsfr0                                   sfr0         00000
__Lsfr1                                   sfr1         00000
__Lsfr10                                  sfr10        00000
__Lsfr11                                  sfr11        00000
__Lsfr12                                  sfr12        00000
__Lsfr13                                  sfr13        00000
__Lsfr14                                  sfr14        00000
__Lsfr15                                  sfr15        00000
__Lsfr16                                  sfr16        00000
__Lsfr17                                  sfr17        00000
__Lsfr18                                  sfr18        00000
__Lsfr19                                  sfr19        00000
__Lsfr2                                   sfr2         00000
__Lsfr20                                  sfr20        00000
__Lsfr21                                  sfr21        00000
__Lsfr22                                  sfr22        00000
__Lsfr23                                  sfr23        00000
__Lsfr24                                  sfr24        00000
__Lsfr25                                  sfr25        00000
__Lsfr26                                  sfr26        00000
__Lsfr27                                  sfr27        00000
__Lsfr28                                  sfr28        00000
__Lsfr29                                  sfr29        00000
__Lsfr3                                   sfr3         00000
__Lsfr30                                  sfr30        00000
__Lsfr31                                  sfr31        00000
__Lsfr4                                   sfr4         00000
__Lsfr5                                   sfr5         00000
__Lsfr6                                   sfr6         00000
__Lsfr7                                   sfr7         00000
__Lsfr8                                   sfr8         00000
__Lsfr9                                   sfr9         00000
__Lspace_0                                (abs)        00000
__Lspace_1                                (abs)        00000
__Lspace_2                                (abs)        00000
__Lspace_3                                (abs)        00000
__Lstack                                  stack        00000
__Lstrings                                strings      00000
__Ltext                                   text         00000
__S0                                      (abs)        08009
__S1                                      (abs)        000DB
__S2                                      (abs)        00000
___int_sp                                 stack        00000
___latbits                                (abs)        00000
___lmul                                   text15       0059F
___lmul@multiplicand                      cstackBANK0  00024
___lmul@multiplier                        cstackBANK0  00020
___lmul@product                           cstackBANK0  00028
___lwdiv                                  text14       0056A
___lwdiv@counter                          cstackBANK0  0002B
___lwdiv@dividend                         cstackBANK0  00028
___lwdiv@divisor                          cstackBANK0  00026
___lwdiv@quotient                         cstackBANK0  0002C
___lwmod                                  text10       005CF
___lwmod@counter                          cstackBANK0  00025
___lwmod@dividend                         cstackBANK0  00022
___lwmod@divisor                          cstackBANK0  00020
___sp                                     stack        00000
___wmul                                   text13       006FD
___wmul@multiplicand                      cstackBANK0  00022
___wmul@multiplier                        cstackBANK0  00020
___wmul@product                           cstackBANK0  00024
__bmp280_calib                            bssBANK1     000A0
__end_of_BMP280_Read                      text21       00419
__end_of_BMP280_Write8                    text24       006BE
__end_of_BMP280_read16                    text19       00770
__end_of_BMP280_read24_le                 text16       00522
__end_of_BMP280_read8                     text20       007A0
__end_of_BMP280_readCoefficients          text17       006FD
__end_of_BMP280_readS16                   text18       007CB
__end_of_BMP280_readTemperature           text12       001FE
__end_of_DisplayNum                       text9        00485
__end_of_I2C_BusCollisionISR              text36       007FA
__end_of_I2C_FunctionComplete             text35       00791
__end_of_I2C_ISR                          text33       0032E
__end_of_I2C_Initialize                   text8        00734
__end_of_I2C_MasterRead                   text22       00673
__end_of_I2C_MasterReadTRBBuild           text23       0064C
__end_of_I2C_MasterTRBInsert              text27       004D7
__end_of_I2C_MasterWrite                  text25       0069A
__end_of_I2C_MasterWriteTRBBuild          text26       006DE
__end_of_I2C_Stop                         text34       0074B
__end_of_INTERRUPT_InterruptManager       intentry     00025
__end_of_OSCILLATOR_Initialize            text7        007EC
__end_of_PIN_MANAGER_Initialize           text6        0056A
__end_of_SYSTEM_Initialize                text1        007E6
__end_of_ShiftOut                         text11       00624
__end_of_TMR2_CallBack                    text30       007B7
__end_of_TMR2_DefaultInterruptHandler     text31       007F9
__end_of_TMR2_ISR                         text29       0075E
__end_of_TMR2_Initialize                  text3        00781
__end_of_TMR2_SetInterruptHandler         text5        007D4
__end_of_TMR2_StartTimer                  text4        007F7
__end_of_TickISR                          text32       007F4
__end_of_WDT_Initialize                   text2        007F0
__end_of___lmul                           text15       005CF
__end_of___lwdiv                          text14       0059F
__end_of___lwmod                          text10       005FC
__end_of___wmul                           text13       00719
__end_of__initialization                  cinit        00041
__end_of_main                             maintext     003AA
__initialization                          cinit        00026
__pbssBANK0                               bssBANK0     0006B
__pbssBANK1                               bssBANK1     000A0
__pbssCOMMON                              bssCOMMON    00070
__pcstackBANK0                            cstackBANK0  00020
__pcstackBANK1                            cstackBANK1  000C2
__pcstackCOMMON                           cstackCOMMON 00076
__pdataBANK0                              dataBANK0    0006E
__pdataBANK1                              dataBANK1    000CF
__pidataBANK0                             idataBANK0   007F7
__pidataBANK1                             idataBANK1   007B7
__pintentry                               intentry     00004
__pmaintext                               maintext     0032E
__pnvBANK1                                nvBANK1      000D9
__pswtext1                                swtext1      007A0
__ptext1                                  text1        007E0
__ptext10                                 text10       005CF
__ptext11                                 text11       005FC
__ptext12                                 text12       00044
__ptext13                                 text13       006FD
__ptext14                                 text14       0056A
__ptext15                                 text15       0059F
__ptext16                                 text16       004D7
__ptext17                                 text17       006DE
__ptext18                                 text18       007C1
__ptext19                                 text19       0075E
__ptext2                                  text2        007EC
__ptext20                                 text20       00791
__ptext21                                 text21       003AA
__ptext22                                 text22       0064C
__ptext23                                 text23       00624
__ptext24                                 text24       0069A
__ptext25                                 text25       00673
__ptext26                                 text26       006BE
__ptext27                                 text27       00485
__ptext29                                 text29       0074B
__ptext3                                  text3        00770
__ptext30                                 text30       007AC
__ptext31                                 text31       007F8
__ptext32                                 text32       007F0
__ptext33                                 text33       001FE
__ptext34                                 text34       00734
__ptext35                                 text35       00781
__ptext36                                 text36       007F9
__ptext4                                  text4        007F4
__ptext5                                  text5        007CB
__ptext6                                  text6        00522
__ptext7                                  text7        007E6
__ptext8                                  text8        00719
__ptext9                                  text9        00419
__size_of_BMP280_Read                     (abs)        00000
__size_of_BMP280_Write8                   (abs)        00000
__size_of_BMP280_read16                   (abs)        00000
__size_of_BMP280_read24_le                (abs)        00000
__size_of_BMP280_read8                    (abs)        00000
__size_of_BMP280_readCoefficients         (abs)        00000
__size_of_BMP280_readS16                  (abs)        00000
__size_of_BMP280_readTemperature          (abs)        00000
__size_of_DisplayNum                      (abs)        00000
__size_of_I2C_BusCollisionISR             (abs)        00000
__size_of_I2C_FunctionComplete            (abs)        00000
__size_of_I2C_ISR                         (abs)        00000
__size_of_I2C_Initialize                  (abs)        00000
__size_of_I2C_MasterRead                  (abs)        00000
__size_of_I2C_MasterReadTRBBuild          (abs)        00000
__size_of_I2C_MasterTRBInsert             (abs)        00000
__size_of_I2C_MasterWrite                 (abs)        00000
__size_of_I2C_MasterWriteTRBBuild         (abs)        00000
__size_of_I2C_Stop                        (abs)        00000
__size_of_INTERRUPT_InterruptManager      (abs)        00000
__size_of_OSCILLATOR_Initialize           (abs)        00000
__size_of_PIN_MANAGER_Initialize          (abs)        00000
__size_of_SYSTEM_Initialize               (abs)        00000
__size_of_ShiftOut                        (abs)        00000
__size_of_TMR2_CallBack                   (abs)        00000
__size_of_TMR2_DefaultInterruptHandler    (abs)        00000
__size_of_TMR2_ISR                        (abs)        00000
__size_of_TMR2_Initialize                 (abs)        00000
__size_of_TMR2_SetInterruptHandler        (abs)        00000
__size_of_TMR2_StartTimer                 (abs)        00000
__size_of_TickISR                         (abs)        00000
__size_of_WDT_Initialize                  (abs)        00000
__size_of___lmul                          (abs)        00000
__size_of___lwdiv                         (abs)        00000
__size_of___lwmod                         (abs)        00000
__size_of___wmul                          (abs)        00000
__size_of_main                            (abs)        00000
_checkTemp                                bssBANK1     000B6
_curTemp                                  bssBANK1     000B4
_i2c_object                               bssBANK1     000A6
_i2c_state                                bssCOMMON    00073
_i2c_tr_queue                             bssBANK1     000BF
_i2c_trb_count                            bssCOMMON    00072
_main                                     maintext     0032E
_main$1162                                cstackBANK1  000CC
_p_i2c_current                            bssCOMMON    00070
_p_i2c_trb_current                        bssCOMMON    00071
_t_fine                                   bssBANK1     000AB
btemp                                     (abs)        0007E
clear_ram0                                clrtext      007DA
end_of_initialization                     cinit        00041
init_ram                                  inittext     007D4
int$flags                                 (abs)        0007E
intlevel0                                 functab      00000
intlevel1                                 functab      00000
intlevel2                                 functab      00000
intlevel3                                 functab      00000
intlevel4                                 functab      00000
intlevel5                                 functab      00000
main@chipId                               cstackBANK1  000CE
reset_vec                                 reset_vec    00000
stackhi                                   (abs)        020EF
stacklo                                   (abs)        0208B
start                                     init         00025
start_initialization                      cinit        00026
wtemp0                                    (abs)        0007E


FUNCTION INFORMATION:

 *************** function _main *****************
 Defined at:
		line 442 in file "main.c"
 Parameters:    Size  Location     Type
		None
 Auto vars:     Size  Location     Type
  chipId          1   12[BANK1 ] unsigned char 
 Return value:  Size  Location     Type
                  1    wreg      void 
 Registers used:
		wreg, fsr0l, fsr0h, fsr1l, fsr1h, status,2, status,0, pclath, cstack
 Tracked objects:
		On entry : 
		On exit  : 
		Unchanged: 
 Data sizes:     COMMON   BANK0   BANK1   BANK2
      Params:         0       0       0       0
      Locals:         0       0       3       0
      Temps:          0       1       0       0
      Totals:         0       1       3       0
Total ram usage:        4 bytes
 Hardware stack levels required when called:   10
 This function calls:
		_BMP280_Write8
		_BMP280_read8
		_BMP280_readCoefficients
		_BMP280_readTemperature
		_DisplayNum
		_I2C_Initialize
		_SYSTEM_Initialize
		_TMR2_Initialize
		_TMR2_SetInterruptHandler
		_TMR2_StartTimer
		___lwdiv
 This function is called by:
		Startup code after reset
 This function uses a non-reentrant model


 *************** function _SYSTEM_Initialize *****************
 Defined at:
		line 69 in file "mcc_generated_files/mcc.c"
 Parameters:    Size  Location     Type
		None
 Auto vars:     Size  Location     Type
		None
 Return value:  Size  Location     Type
                  1    wreg      void 
 Registers used:
		wreg, status,2, status,0, pclath, cstack
 Tracked objects:
		On entry : 
		On exit  : 
		Unchanged: 
 Data sizes:     COMMON   BANK0   BANK1   BANK2
      Params:         0       0       0       0
      Locals:         0       0       0       0
      Temps:          0       0       0       0
      Totals:         0       0       0       0
Total ram usage:        0 bytes
 Hardware stack levels used:    1
 Hardware stack levels required when called:    6
 This function calls:
		_I2C_Initialize
		_OSCILLATOR_Initialize
		_PIN_MANAGER_Initialize
		_TMR2_Initialize
		_WDT_Initialize
 This function is called by:
		_main
 This function uses a non-reentrant model


 *************** function _WDT_Initialize *****************
 Defined at:
		line 89 in file "mcc_generated_files/mcc.c"
 Parameters:    Size  Location     Type
		None
 Auto vars:     Size  Location     Type
		None
 Return value:  Size  Location     Type
                  1    wreg      void 
 Registers used:
		wreg
 Tracked objects:
		On entry : 
		On exit  : 
		Unchanged: 
 Data sizes:     COMMON   BANK0   BANK1   BANK2
      Params:         0       0       0       0
      Locals:         0       0       0       0
      Temps:          0       0       0       0
      Totals:         0       0       0       0
Total ram usage:        0 bytes
 Hardware stack levels used:    1
 Hardware stack levels required when called:    4
 This function calls:
		Nothing
 This function is called by:
		_SYSTEM_Initialize
 This function uses a non-reentrant model


 *************** function _TMR2_Initialize *****************
 Defined at:
		line 63 in file "mcc_generated_files/tmr2.c"
 Parameters:    Size  Location     Type
		None
 Auto vars:     Size  Location     Type
		None
 Return value:  Size  Location     Type
                  1    wreg      void 
 Registers used:
		wreg, status,2, status,0, pclath, cstack
 Tracked objects:
		On entry : 
		On exit  : 
		Unchanged: 
 Data sizes:     COMMON   BANK0   BANK1   BANK2
      Params:         0       0       0       0
      Locals:         0       0       0       0
      Temps:          0       0       0       0
      Totals:         0       0       0       0
Total ram usage:        0 bytes
 Hardware stack levels used:    1
 Hardware stack levels required when called:    5
 This function calls:
		_TMR2_SetInterruptHandler
		_TMR2_StartTimer
 This function is called by:
		_SYSTEM_Initialize
		_main
 This function uses a non-reentrant model


 *************** function _TMR2_StartTimer *****************
 Defined at:
		line 89 in file "mcc_generated_files/tmr2.c"
 Parameters:    Size  Location     Type
		None
 Auto vars:     Size  Location     Type
		None
 Return value:  Size  Location     Type
                  1    wreg      void 
 Registers used:
		None
 Tracked objects:
		On entry : 
		On exit  : 
		Unchanged: 
 Data sizes:     COMMON   BANK0   BANK1   BANK2
      Params:         0       0       0       0
      Locals:         0       0       0       0
      Temps:          0       0       0       0
      Totals:         0       0       0       0
Total ram usage:        0 bytes
 Hardware stack levels used:    1
 Hardware stack levels required when called:    4
 This function calls:
		Nothing
 This function is called by:
		_main
		_TMR2_Initialize
 This function uses a non-reentrant model


 *************** function _TMR2_SetInterruptHandler *****************
 Defined at:
		line 149 in file "mcc_generated_files/tmr2.c"
 Parameters:    Size  Location     Type
  InterruptHan    2    0[BANK0 ] PTR FTN()void 
		 -> TMR2_DefaultInterruptHandler(1), TickISR(1), 
 Auto vars:     Size  Location     Type
		None
 Return value:  Size  Location     Type
                  1    wreg      void 
 Registers used:
		wreg
 Tracked objects:
		On entry : 
		On exit  : 
		Unchanged: 
 Data sizes:     COMMON   BANK0   BANK1   BANK2
      Params:         0       2       0       0
      Locals:         0       0       0       0
      Temps:          0       0       0       0
      Totals:         0       2       0       0
Total ram usage:        2 bytes
 Hardware stack levels used:    1
 Hardware stack levels required when called:    4
 This function calls:
		Nothing
 This function is called by:
		_main
		_TMR2_Initialize
 This function uses a non-reentrant model


 *************** function _PIN_MANAGER_Initialize *****************
 Defined at:
		line 52 in file "mcc_generated_files/pin_manager.c"
 Parameters:    Size  Location     Type
		None
 Auto vars:     Size  Location     Type
  state           1    0[BANK0 ] unsigned char 
 Return value:  Size  Location     Type
                  1    wreg      void 
 Registers used:
		wreg, status,2, status,0
 Tracked objects:
		On entry : 
		On exit  : 
		Unchanged: 
 Data sizes:     COMMON   BANK0   BANK1   BANK2
      Params:         0       0       0       0
      Locals:         0       1       0       0
      Temps:          0       0       0       0
      Totals:         0       1       0       0
Total ram usage:        1 bytes
 Hardware stack levels used:    1
 Hardware stack levels required when called:    4
 This function calls:
		Nothing
 This function is called by:
		_SYSTEM_Initialize
 This function uses a non-reentrant model


 *************** function _OSCILLATOR_Initialize *****************
 Defined at:
		line 79 in file "mcc_generated_files/mcc.c"
 Parameters:    Size  Location     Type
		None
 Auto vars:     Size  Location     Type
		None
 Return value:  Size  Location     Type
                  1    wreg      void 
 Registers used:
		wreg, status,2
 Tracked objects:
		On entry : 
		On exit  : 
		Unchanged: 
 Data sizes:     COMMON   BANK0   BANK1   BANK2
      Params:         0       0       0       0
      Locals:         0       0       0       0
      Temps:          0       0       0       0
      Totals:         0       0       0       0
Total ram usage:        0 bytes
 Hardware stack levels used:    1
 Hardware stack levels required when called:    4
 This function calls:
		Nothing
 This function is called by:
		_SYSTEM_Initialize
 This function uses a non-reentrant model


 *************** function _I2C_Initialize *****************
 Defined at:
		line 198 in file "mcc_generated_files/i2c.c"
 Parameters:    Size  Location     Type
		None
 Auto vars:     Size  Location     Type
		None
 Return value:  Size  Location     Type
                  1    wreg      void 
 Registers used:
		wreg, status,2
 Tracked objects:
		On entry : 
		On exit  : 
		Unchanged: 
 Data sizes:     COMMON   BANK0   BANK1   BANK2
      Params:         0       0       0       0
      Locals:         0       0       0       0
      Temps:          0       1       0       0
      Totals:         0       1       0       0
Total ram usage:        1 bytes
 Hardware stack levels used:    1
 Hardware stack levels required when called:    4
 This function calls:
		Nothing
 This function is called by:
		_SYSTEM_Initialize
		_main
 This function uses a non-reentrant model


 *************** function _DisplayNum *****************
 Defined at:
		line 386 in file "main.c"
 Parameters:    Size  Location     Type
  val             2   14[BANK0 ] unsigned int 
  decPos          1   16[BANK0 ] unsigned char 
 Auto vars:     Size  Location     Type
  i               1   19[BANK0 ] unsigned char 
  outChar         1   18[BANK0 ] unsigned char 
 Return value:  Size  Location     Type
                  1    wreg      void 
 Registers used:
		wreg, fsr0l, fsr0h, fsr1l, fsr1h, status,2, status,0, pclath, cstack
 Tracked objects:
		On entry : 
		On exit  : 
		Unchanged: 
 Data sizes:     COMMON   BANK0   BANK1   BANK2
      Params:         0       3       0       0
      Locals:         0       2       0       0
      Temps:          0       1       0       0
      Totals:         0       6       0       0
Total ram usage:        6 bytes
 Hardware stack levels used:    1
 Hardware stack levels required when called:    5
 This function calls:
		_ShiftOut
		___lwdiv
		___lwmod
 This function is called by:
		_main
 This function uses a non-reentrant model


 *************** function ___lwmod *****************
 Defined at:
		line 5 in file "/Applications/microchip/xc8/v2.00/pic/sources/c90/common/lwmod.c"
 Parameters:    Size  Location     Type
  divisor         2    0[BANK0 ] unsigned int 
  dividend        2    2[BANK0 ] unsigned int 
 Auto vars:     Size  Location     Type
  counter         1    5[BANK0 ] unsigned char 
 Return value:  Size  Location     Type
                  2    0[BANK0 ] unsigned int 
 Registers used:
		wreg, status,2, status,0
 Tracked objects:
		On entry : 
		On exit  : 
		Unchanged: 
 Data sizes:     COMMON   BANK0   BANK1   BANK2
      Params:         0       4       0       0
      Locals:         0       1       0       0
      Temps:          0       1       0       0
      Totals:         0       6       0       0
Total ram usage:        6 bytes
 Hardware stack levels used:    1
 Hardware stack levels required when called:    4
 This function calls:
		Nothing
 This function is called by:
		_DisplayNum
 This function uses a non-reentrant model


 *************** function _ShiftOut *****************
 Defined at:
		line 366 in file "main.c"
 Parameters:    Size  Location     Type
  thisByte        1    wreg     unsigned char 
 Auto vars:     Size  Location     Type
  thisByte        1    1[BANK0 ] unsigned char 
  i               1    2[BANK0 ] unsigned char 
 Return value:  Size  Location     Type
                  1    wreg      void 
 Registers used:
		wreg, status,2, status,0
 Tracked objects:
		On entry : 
		On exit  : 
		Unchanged: 
 Data sizes:     COMMON   BANK0   BANK1   BANK2
      Params:         0       0       0       0
      Locals:         0       2       0       0
      Temps:          0       1       0       0
      Totals:         0       3       0       0
Total ram usage:        3 bytes
 Hardware stack levels used:    1
 Hardware stack levels required when called:    4
 This function calls:
		Nothing
 This function is called by:
		_DisplayNum
 This function uses a non-reentrant model


 *************** function _BMP280_readTemperature *****************
 Defined at:
		line 323 in file "main.c"
 Parameters:    Size  Location     Type
		None
 Auto vars:     Size  Location     Type
  adc_T           4    6[BANK1 ] long 
  T               2    4[BANK1 ] unsigned int 
 Return value:  Size  Location     Type
                  2   49[BANK0 ] int 
 Registers used:
		wreg, fsr1l, fsr1h, status,2, status,0, pclath, cstack
 Tracked objects:
		On entry : 
		On exit  : 
		Unchanged: 
 Data sizes:     COMMON   BANK0   BANK1   BANK2
      Params:         0       2       0       0
      Locals:         0       0      10       0
      Temps:          0      23       0       0
      Totals:         0      25      10       0
Total ram usage:       35 bytes
 Hardware stack levels used:    1
 Hardware stack levels required when called:    8
 This function calls:
		_BMP280_read24_le
		___lmul
		___lwdiv
		___wmul
 This function is called by:
		_main
 This function uses a non-reentrant model


 *************** function ___wmul *****************
 Defined at:
		line 15 in file "/Applications/microchip/xc8/v2.00/pic/sources/c90/common/Umul16.c"
 Parameters:    Size  Location     Type
  multiplier      2    0[BANK0 ] unsigned int 
  multiplicand    2    2[BANK0 ] unsigned int 
 Auto vars:     Size  Location     Type
  product         2    4[BANK0 ] unsigned int 
 Return value:  Size  Location     Type
                  2    0[BANK0 ] unsigned int 
 Registers used:
		wreg, status,2, status,0
 Tracked objects:
		On entry : 
		On exit  : 
		Unchanged: 
 Data sizes:     COMMON   BANK0   BANK1   BANK2
      Params:         0       4       0       0
      Locals:         0       2       0       0
      Temps:          0       0       0       0
      Totals:         0       6       0       0
Total ram usage:        6 bytes
 Hardware stack levels used:    1
 Hardware stack levels required when called:    4
 This function calls:
		Nothing
 This function is called by:
		_BMP280_readTemperature
 This function uses a non-reentrant model


 *************** function ___lwdiv *****************
 Defined at:
		line 5 in file "/Applications/microchip/xc8/v2.00/pic/sources/c90/common/lwdiv.c"
 Parameters:    Size  Location     Type
  divisor         2    6[BANK0 ] unsigned int 
  dividend        2    8[BANK0 ] unsigned int 
 Auto vars:     Size  Location     Type
  quotient        2   12[BANK0 ] unsigned int 
  counter         1   11[BANK0 ] unsigned char 
 Return value:  Size  Location     Type
                  2    6[BANK0 ] unsigned int 
 Registers used:
		wreg, status,2, status,0
 Tracked objects:
		On entry : 
		On exit  : 
		Unchanged: 
 Data sizes:     COMMON   BANK0   BANK1   BANK2
      Params:         0       4       0       0
      Locals:         0       3       0       0
      Temps:          0       1       0       0
      Totals:         0       8       0       0
Total ram usage:        8 bytes
 Hardware stack levels used:    1
 Hardware stack levels required when called:    4
 This function calls:
		Nothing
 This function is called by:
		_BMP280_readTemperature
		_DisplayNum
		_main
 This function uses a non-reentrant model


 *************** function ___lmul *****************
 Defined at:
		line 15 in file "/Applications/microchip/xc8/v2.00/pic/sources/c90/common/Umul32.c"
 Parameters:    Size  Location     Type
  multiplier      4    0[BANK0 ] unsigned long 
  multiplicand    4    4[BANK0 ] unsigned long 
 Auto vars:     Size  Location     Type
  product         4    8[BANK0 ] unsigned long 
 Return value:  Size  Location     Type
                  4    0[BANK0 ] unsigned long 
 Registers used:
		wreg, status,2, status,0
 Tracked objects:
		On entry : 
		On exit  : 
		Unchanged: 
 Data sizes:     COMMON   BANK0   BANK1   BANK2
      Params:         0       8       0       0
      Locals:         0       4       0       0
      Temps:          0       0       0       0
      Totals:         0      12       0       0
Total ram usage:       12 bytes
 Hardware stack levels used:    1
 Hardware stack levels required when called:    4
 This function calls:
		Nothing
 This function is called by:
		_BMP280_readTemperature
 This function uses a non-reentrant model


 *************** function _BMP280_read24_le *****************
 Defined at:
		line 296 in file "main.c"
 Parameters:    Size  Location     Type
  reg             1    wreg     unsigned char 
 Auto vars:     Size  Location     Type
  reg             1   45[BANK0 ] unsigned char 
  value           3   46[BANK0 ] unsigned char [3]
 Return value:  Size  Location     Type
                  4   29[BANK0 ] unsigned long 
 Registers used:
		wreg, fsr1l, fsr1h, status,2, status,0, pclath, cstack
 Tracked objects:
		On entry : 
		On exit  : 
		Unchanged: 
 Data sizes:     COMMON   BANK0   BANK1   BANK2
      Params:         0       4       0       0
      Locals:         0       4       0       0
      Temps:          0      12       0       0
      Totals:         0      20       0       0
Total ram usage:       20 bytes
 Hardware stack levels used:    1
 Hardware stack levels required when called:    7
 This function calls:
		_BMP280_Read
 This function is called by:
		_BMP280_readTemperature
 This function uses a non-reentrant model


 *************** function _BMP280_readCoefficients *****************
 Defined at:
		line 305 in file "main.c"
 Parameters:    Size  Location     Type
		None
 Auto vars:     Size  Location     Type
		None
 Return value:  Size  Location     Type
                  1    wreg      void 
 Registers used:
		wreg, fsr1l, fsr1h, status,2, status,0, pclath, cstack
 Tracked objects:
		On entry : 
		On exit  : 
		Unchanged: 
 Data sizes:     COMMON   BANK0   BANK1   BANK2
      Params:         0       0       0       0
      Locals:         0       0       0       0
      Temps:          0       0       0       0
      Totals:         0       0       0       0
Total ram usage:        0 bytes
 Hardware stack levels used:    1
 Hardware stack levels required when called:    9
 This function calls:
		_BMP280_read16
		_BMP280_readS16
 This function is called by:
		_main
 This function uses a non-reentrant model


 *************** function _BMP280_readS16 *****************
 Defined at:
		line 284 in file "main.c"
 Parameters:    Size  Location     Type
  reg             1    wreg     unsigned char 
 Auto vars:     Size  Location     Type
  reg             1   38[BANK0 ] unsigned char 
 Return value:  Size  Location     Type
                  2   35[BANK0 ] int 
 Registers used:
		wreg, fsr1l, fsr1h, status,2, status,0, pclath, cstack
 Tracked objects:
		On entry : 
		On exit  : 
		Unchanged: 
 Data sizes:     COMMON   BANK0   BANK1   BANK2
      Params:         0       3       0       0
      Locals:         0       1       0       0
      Temps:          0       0       0       0
      Totals:         0       4       0       0
Total ram usage:        4 bytes
 Hardware stack levels used:    1
 Hardware stack levels required when called:    8
 This function calls:
		_BMP280_read16
 This function is called by:
		_BMP280_readCoefficients
 This function uses a non-reentrant model


 *************** function _BMP280_read16 *****************
 Defined at:
		line 263 in file "main.c"
 Parameters:    Size  Location     Type
  reg             1    wreg     unsigned char 
 Auto vars:     Size  Location     Type
  reg             1   32[BANK0 ] unsigned char 
  value           2   33[BANK0 ] unsigned int 
 Return value:  Size  Location     Type
                  2   29[BANK0 ] unsigned int 
 Registers used:
		wreg, fsr1l, fsr1h, status,2, status,0, pclath, cstack
 Tracked objects:
		On entry : 
		On exit  : 
		Unchanged: 
 Data sizes:     COMMON   BANK0   BANK1   BANK2
      Params:         0       2       0       0
      Locals:         0       3       0       0
      Temps:          0       1       0       0
      Totals:         0       6       0       0
Total ram usage:        6 bytes
 Hardware stack levels used:    1
 Hardware stack levels required when called:    7
 This function calls:
		_BMP280_Read
 This function is called by:
		_BMP280_readS16
		_BMP280_readCoefficients
 This function uses a non-reentrant model


 *************** function _BMP280_read8 *****************
 Defined at:
		line 249 in file "main.c"
 Parameters:    Size  Location     Type
  reg             1    wreg     unsigned char 
 Auto vars:     Size  Location     Type
  reg             1   30[BANK0 ] unsigned char 
  value           1   31[BANK0 ] unsigned char 
 Return value:  Size  Location     Type
                  1    wreg      unsigned char 
 Registers used:
		wreg, fsr1l, fsr1h, status,2, status,0, pclath, cstack
 Tracked objects:
		On entry : 
		On exit  : 
		Unchanged: 
 Data sizes:     COMMON   BANK0   BANK1   BANK2
      Params:         0       0       0       0
      Locals:         0       2       0       0
      Temps:          0       1       0       0
      Totals:         0       3       0       0
Total ram usage:        3 bytes
 Hardware stack levels used:    1
 Hardware stack levels required when called:    7
 This function calls:
		_BMP280_Read
 This function is called by:
		_main
 This function uses a non-reentrant model


 *************** function _BMP280_Read *****************
 Defined at:
		line 150 in file "main.c"
 Parameters:    Size  Location     Type
  address         1    wreg     unsigned char 
  pData           1   14[BANK0 ] PTR unsigned char 
		 -> BMP280_read24_le@value(3), BMP280_read16@value(2), BMP280_read8@value(1), 
  nCount          2   15[BANK0 ] unsigned int 
 Auto vars:     Size  Location     Type
  address         1   22[BANK0 ] unsigned char 
  writeBuffer     3   19[BANK0 ] unsigned char [3]
  timeOut         2   26[BANK0 ] unsigned int 
  counter         2   23[BANK0 ] unsigned int 
  status          1   28[BANK0 ] enum E2239
  pD              1   25[BANK0 ] PTR unsigned char 
		 -> BMP280_read24_le@value(3), BMP280_read16@value(2), BMP280_read8@value(1), 
  ret             1   18[BANK0 ] unsigned char 
 Return value:  Size  Location     Type
                  1    wreg      unsigned char 
 Registers used:
		wreg, fsr1l, fsr1h, status,2, status,0, pclath, cstack
 Tracked objects:
		On entry : 
		On exit  : 
		Unchanged: 
 Data sizes:     COMMON   BANK0   BANK1   BANK2
      Params:         0       3       0       0
      Locals:         0      11       0       0
      Temps:          0       1       0       0
      Totals:         0      15       0       0
Total ram usage:       15 bytes
 Hardware stack levels used:    1
 Hardware stack levels required when called:    6
 This function calls:
		_I2C_MasterRead
		_I2C_MasterWrite
 This function is called by:
		_BMP280_read8
		_BMP280_read16
		_BMP280_read24_le
 This function uses a non-reentrant model


 *************** function _I2C_MasterRead *****************
 Defined at:
		line 619 in file "mcc_generated_files/i2c.c"
 Parameters:    Size  Location     Type
  pdata           1    wreg     PTR unsigned char 
		 -> BMP280_read24_le@value(3), BMP280_read16@value(2), BMP280_read8@value(1), 
  length          1    7[BANK0 ] unsigned char 
  address         2    8[BANK0 ] unsigned int 
  pflag           1   10[BANK0 ] PTR enum E2207
		 -> BMP280_Read@status(1), 
 Auto vars:     Size  Location     Type
  pdata           1   13[BANK0 ] PTR unsigned char 
		 -> BMP280_read24_le@value(3), BMP280_read16@value(2), BMP280_read8@value(1), 
 Return value:  Size  Location     Type
                  1    wreg      void 
 Registers used:
		wreg, fsr1l, fsr1h, status,2, status,0, pclath, cstack
 Tracked objects:
		On entry : 
		On exit  : 
		Unchanged: 
 Data sizes:     COMMON   BANK0   BANK1   BANK2
      Params:         0       4       0       0
      Locals:         0       1       0       0
      Temps:          0       2       0       0
      Totals:         0       7       0       0
Total ram usage:        7 bytes
 Hardware stack levels used:    1
 Hardware stack levels required when called:    5
 This function calls:
		_I2C_MasterReadTRBBuild
		_I2C_MasterTRBInsert
 This function is called by:
		_BMP280_Read
 This function uses a non-reentrant model


 *************** function _I2C_MasterReadTRBBuild *****************
 Defined at:
		line 694 in file "mcc_generated_files/i2c.c"
 Parameters:    Size  Location     Type
  ptrb            1    wreg     PTR struct .
		 -> I2C_MasterRead@trBlock(4), 
  pdata           1    0[BANK0 ] PTR unsigned char 
		 -> BMP280_read24_le@value(3), BMP280_read16@value(2), BMP280_read8@value(1), 
  length          1    1[BANK0 ] unsigned char 
  address         2    2[BANK0 ] unsigned int 
 Auto vars:     Size  Location     Type
  ptrb            1    6[BANK0 ] PTR struct .
		 -> I2C_MasterRead@trBlock(4), 
 Return value:  Size  Location     Type
                  1    wreg      void 
 Registers used:
		wreg, fsr1l, fsr1h, status,2, status,0
 Tracked objects:
		On entry : 
		On exit  : 
		Unchanged: 
 Data sizes:     COMMON   BANK0   BANK1   BANK2
      Params:         0       4       0       0
      Locals:         0       1       0       0
      Temps:          0       2       0       0
      Totals:         0       7       0       0
Total ram usage:        7 bytes
 Hardware stack levels used:    1
 Hardware stack levels required when called:    4
 This function calls:
		Nothing
 This function is called by:
		_I2C_MasterRead
 This function uses a non-reentrant model


 *************** function _BMP280_Write8 *****************
 Defined at:
		line 120 in file "main.c"
 Parameters:    Size  Location     Type
  address         1    wreg     unsigned char 
  pData           1   14[BANK0 ] unsigned char 
 Auto vars:     Size  Location     Type
  address         1   17[BANK0 ] unsigned char 
  writeBuffer     2   18[BANK0 ] unsigned char [2]
  status          1   20[BANK0 ] enum E2239
 Return value:  Size  Location     Type
                  1    wreg      char 
 Registers used:
		wreg, fsr1l, fsr1h, status,2, status,0, pclath, cstack
 Tracked objects:
		On entry : 
		On exit  : 
		Unchanged: 
 Data sizes:     COMMON   BANK0   BANK1   BANK2
      Params:         0       1       0       0
      Locals:         0       4       0       0
      Temps:          0       2       0       0
      Totals:         0       7       0       0
Total ram usage:        7 bytes
 Hardware stack levels used:    1
 Hardware stack levels required when called:    6
 This function calls:
		_I2C_MasterWrite
 This function is called by:
		_main
 This function uses a non-reentrant model


 *************** function _I2C_MasterWrite *****************
 Defined at:
		line 598 in file "mcc_generated_files/i2c.c"
 Parameters:    Size  Location     Type
  pdata           1    wreg     PTR unsigned char 
		 -> BMP280_Read@writeBuffer(3), BMP280_Write8@writeBuffer(2), 
  length          1    7[BANK0 ] unsigned char 
  address         2    8[BANK0 ] unsigned int 
  pflag           1   10[BANK0 ] PTR enum E2207
		 -> BMP280_Read@status(1), BMP280_Write8@status(1), 
 Auto vars:     Size  Location     Type
  pdata           1   13[BANK0 ] PTR unsigned char 
		 -> BMP280_Read@writeBuffer(3), BMP280_Write8@writeBuffer(2), 
 Return value:  Size  Location     Type
                  1    wreg      void 
 Registers used:
		wreg, fsr1l, fsr1h, status,2, status,0, pclath, cstack
 Tracked objects:
		On entry : 
		On exit  : 
		Unchanged: 
 Data sizes:     COMMON   BANK0   BANK1   BANK2
      Params:         0       4       0       0
      Locals:         0       1       0       0
      Temps:          0       2       0       0
      Totals:         0       7       0       0
Total ram usage:        7 bytes
 Hardware stack levels used:    1
 Hardware stack levels required when called:    5
 This function calls:
		_I2C_MasterTRBInsert
		_I2C_MasterWriteTRBBuild
 This function is called by:
		_BMP280_Write8
		_BMP280_Read
 This function uses a non-reentrant model


 *************** function _I2C_MasterWriteTRBBuild *****************
 Defined at:
		line 707 in file "mcc_generated_files/i2c.c"
 Parameters:    Size  Location     Type
  ptrb            1    wreg     PTR struct .
		 -> I2C_MasterWrite@trBlock(4), 
  pdata           1    0[BANK0 ] PTR unsigned char 
		 -> BMP280_Read@writeBuffer(3), BMP280_Write8@writeBuffer(2), 
  length          1    1[BANK0 ] unsigned char 
  address         2    2[BANK0 ] unsigned int 
 Auto vars:     Size  Location     Type
  ptrb            1    6[BANK0 ] PTR struct .
		 -> I2C_MasterWrite@trBlock(4), 
 Return value:  Size  Location     Type
                  1    wreg      void 
 Registers used:
		wreg, fsr1l, fsr1h, status,2, status,0
 Tracked objects:
		On entry : 
		On exit  : 
		Unchanged: 
 Data sizes:     COMMON   BANK0   BANK1   BANK2
      Params:         0       4       0       0
      Locals:         0       1       0       0
      Temps:          0       2       0       0
      Totals:         0       7       0       0
Total ram usage:        7 bytes
 Hardware stack levels used:    1
 Hardware stack levels required when called:    4
 This function calls:
		Nothing
 This function is called by:
		_I2C_MasterWrite
 This function uses a non-reentrant model


 *************** function _I2C_MasterTRBInsert *****************
 Defined at:
		line 641 in file "mcc_generated_files/i2c.c"
 Parameters:    Size  Location     Type
  count           1    wreg     unsigned char 
  ptrb_list       1    0[BANK0 ] PTR struct .
		 -> I2C_MasterRead@trBlock(4), I2C_MasterWrite@trBlock(4), 
  pflag           1    1[BANK0 ] PTR enum E2207
		 -> BMP280_Read@status(1), BMP280_Write8@status(1), 
 Auto vars:     Size  Location     Type
  count           1    3[BANK0 ] unsigned char 
 Return value:  Size  Location     Type
                  1    wreg      void 
 Registers used:
		wreg, fsr1l, fsr1h, status,2, status,0
 Tracked objects:
		On entry : 
		On exit  : 
		Unchanged: 
 Data sizes:     COMMON   BANK0   BANK1   BANK2
      Params:         0       2       0       0
      Locals:         0       1       0       0
      Temps:          0       1       0       0
      Totals:         0       4       0       0
Total ram usage:        4 bytes
 Hardware stack levels used:    1
 Hardware stack levels required when called:    4
 This function calls:
		Nothing
 This function is called by:
		_I2C_MasterWrite
		_I2C_MasterRead
 This function uses a non-reentrant model


 *************** function _INTERRUPT_InterruptManager *****************
 Defined at:
		line 51 in file "mcc_generated_files/interrupt_manager.c"
 Parameters:    Size  Location     Type
		None
 Auto vars:     Size  Location     Type
		None
 Return value:  Size  Location     Type
                  1    wreg      void 
 Registers used:
		wreg, fsr0l, fsr0h, fsr1l, fsr1h, status,2, status,0, pclath, cstack
 Tracked objects:
		On entry : 
		On exit  : 
		Unchanged: 
 Data sizes:     COMMON   BANK0   BANK1   BANK2
      Params:         0       0       0       0
      Locals:         0       0       0       0
      Temps:          0       0       0       0
      Totals:         0       0       0       0
Total ram usage:        0 bytes
 Hardware stack levels used:    1
 Hardware stack levels required when called:    3
 This function calls:
		_I2C_BusCollisionISR
		_I2C_ISR
		_TMR2_ISR
 This function is called by:
		Interrupt level 1
 This function uses a non-reentrant model


 *************** function _TMR2_ISR *****************
 Defined at:
		line 121 in file "mcc_generated_files/tmr2.c"
 Parameters:    Size  Location     Type
		None
 Auto vars:     Size  Location     Type
		None
 Return value:  Size  Location     Type
                  1    wreg      void 
 Registers used:
		wreg, status,2, status,0, pclath, cstack
 Tracked objects:
		On entry : 
		On exit  : 
		Unchanged: 
 Data sizes:     COMMON   BANK0   BANK1   BANK2
      Params:         0       0       0       0
      Locals:         0       0       0       0
      Temps:          0       0       0       0
      Totals:         0       0       0       0
Total ram usage:        0 bytes
 Hardware stack levels used:    1
 Hardware stack levels required when called:    2
 This function calls:
		_TMR2_CallBack
 This function is called by:
		_INTERRUPT_InterruptManager
 This function uses a non-reentrant model


 *************** function _TMR2_CallBack *****************
 Defined at:
		line 139 in file "mcc_generated_files/tmr2.c"
 Parameters:    Size  Location     Type
		None
 Auto vars:     Size  Location     Type
		None
 Return value:  Size  Location     Type
                  1    wreg      void 
 Registers used:
		wreg, status,2, status,0, pclath, cstack
 Tracked objects:
		On entry : 
		On exit  : 
		Unchanged: 
 Data sizes:     COMMON   BANK0   BANK1   BANK2
      Params:         0       0       0       0
      Locals:         0       0       0       0
      Temps:          0       0       0       0
      Totals:         0       0       0       0
Total ram usage:        0 bytes
 Hardware stack levels used:    1
 Hardware stack levels required when called:    1
 This function calls:
		Absolute function
		_TMR2_DefaultInterruptHandler
		_TickISR
 This function is called by:
		_TMR2_ISR
 This function uses a non-reentrant model


 *************** function _TMR2_DefaultInterruptHandler *****************
 Defined at:
		line 153 in file "mcc_generated_files/tmr2.c"
 Parameters:    Size  Location     Type
		None
 Auto vars:     Size  Location     Type
		None
 Return value:  Size  Location     Type
                  1    wreg      void 
 Registers used:
		None
 Tracked objects:
		On entry : 
		On exit  : 
		Unchanged: 
 Data sizes:     COMMON   BANK0   BANK1   BANK2
      Params:         0       0       0       0
      Locals:         0       0       0       0
      Temps:          0       0       0       0
      Totals:         0       0       0       0
Total ram usage:        0 bytes
 Hardware stack levels used:    1
 This function calls:
		Nothing
 This function is called by:
		_TMR2_Initialize
		_TMR2_CallBack
 This function uses a non-reentrant model


 *************** function _TickISR *****************
 Defined at:
		line 433 in file "main.c"
 Parameters:    Size  Location     Type
		None
 Auto vars:     Size  Location     Type
		None
 Return value:  Size  Location     Type
                  1    wreg      void 
 Registers used:
		None
 Tracked objects:
		On entry : 
		On exit  : 
		Unchanged: 
 Data sizes:     COMMON   BANK0   BANK1   BANK2
      Params:         0       0       0       0
      Locals:         0       0       0       0
      Temps:          0       0       0       0
      Totals:         0       0       0       0
Total ram usage:        0 bytes
 Hardware stack levels used:    1
 This function calls:
		Nothing
 This function is called by:
		_main
		_TMR2_CallBack
 This function uses a non-reentrant model


 *************** function _I2C_ISR *****************
 Defined at:
		line 233 in file "mcc_generated_files/i2c.c"
 Parameters:    Size  Location     Type
		None
 Auto vars:     Size  Location     Type
		None
 Return value:  Size  Location     Type
                  1    wreg      void 
 Registers used:
		wreg, fsr0l, fsr0h, fsr1l, fsr1h, status,2, status,0, pclath, cstack
 Tracked objects:
		On entry : 
		On exit  : 
		Unchanged: 
 Data sizes:     COMMON   BANK0   BANK1   BANK2
      Params:         0       0       0       0
      Locals:         0       0       0       0
      Temps:          4       0       0       0
      Totals:         4       0       0       0
Total ram usage:        4 bytes
 Hardware stack levels used:    1
 Hardware stack levels required when called:    1
 This function calls:
		_I2C_FunctionComplete
		_I2C_Stop
 This function is called by:
		_INTERRUPT_InterruptManager
 This function uses a non-reentrant model


 *************** function _I2C_Stop *****************
 Defined at:
		line 581 in file "mcc_generated_files/i2c.c"
 Parameters:    Size  Location     Type
  completion_c    1    wreg     enum E2207
 Auto vars:     Size  Location     Type
  completion_c    1    1[COMMON] enum E2207
 Return value:  Size  Location     Type
                  1    wreg      void 
 Registers used:
		wreg, fsr1l, fsr1h, status,2, status,0
 Tracked objects:
		On entry : 
		On exit  : 
		Unchanged: 
 Data sizes:     COMMON   BANK0   BANK1   BANK2
      Params:         0       0       0       0
      Locals:         1       0       0       0
      Temps:          1       0       0       0
      Totals:         2       0       0       0
Total ram usage:        2 bytes
 Hardware stack levels used:    1
 This function calls:
		Nothing
 This function is called by:
		_I2C_ISR
 This function uses a non-reentrant model


 *************** function _I2C_FunctionComplete *****************
 Defined at:
		line 563 in file "mcc_generated_files/i2c.c"
 Parameters:    Size  Location     Type
		None
 Auto vars:     Size  Location     Type
		None
 Return value:  Size  Location     Type
                  1    wreg      void 
 Registers used:
		wreg, status,2, status,0
 Tracked objects:
		On entry : 
		On exit  : 
		Unchanged: 
 Data sizes:     COMMON   BANK0   BANK1   BANK2
      Params:         0       0       0       0
      Locals:         0       0       0       0
      Temps:          1       0       0       0
      Totals:         1       0       0       0
Total ram usage:        1 bytes
 Hardware stack levels used:    1
 This function calls:
		Nothing
 This function is called by:
		_I2C_ISR
 This function uses a non-reentrant model


 *************** function _I2C_BusCollisionISR *****************
 Defined at:
		line 728 in file "mcc_generated_files/i2c.c"
 Parameters:    Size  Location     Type
		None
 Auto vars:     Size  Location     Type
		None
 Return value:  Size  Location     Type
                  1    wreg      void 
 Registers used:
		None
 Tracked objects:
		On entry : 
		On exit  : 
		Unchanged: 
 Data sizes:     COMMON   BANK0   BANK1   BANK2
      Params:         0       0       0       0
      Locals:         0       0       0       0
      Temps:          0       0       0       0
      Totals:         0       0       0       0
Total ram usage:        0 bytes
 Hardware stack levels used:    1
 This function calls:
		Nothing
 This function is called by:
		_INTERRUPT_InterruptManager
 This function uses a non-reentrant model



MODULE INFORMATION

Module		Function		Class		Link	Load	Size
/Applications/microchip/xc8/v2.00/pic/sources/c90/common/Umul16.c
		___wmul        		CODE           	06FD	0000	29

/Applications/microchip/xc8/v2.00/pic/sources/c90/common/Umul16.c estimated size: 29

mcc_generated_files/tmr2.c
		_TMR2_ISR      		CODE           	074B	0000	20
		_TMR2_Initialize		CODE           	0770	0000	18
		_TMR2_SetInterruptHandler		CODE           	07CB	0000	10
		_TMR2_DefaultInterruptHandler		CODE           	07F8	0000	2
		_TMR2_CallBack 		CODE           	07AC	0000	12
		_TMR2_StartTimer		CODE           	07F4	0000	4

mcc_generated_files/tmr2.c estimated size: 66

mcc_generated_files/interrupt_manager.c
		_INTERRUPT_InterruptManager		CODE           	0004	0000	34

mcc_generated_files/interrupt_manager.c estimated size: 34

mcc_generated_files/i2c.c
		_I2C_FunctionComplete		CODE           	0781	0000	17
		_I2C_MasterWrite		CODE           	0673	0000	40
		_I2C_MasterTRBInsert		CODE           	0485	0000	83
		_I2C_ISR       		CODE           	01FE	0000	305
		_I2C_Stop      		CODE           	0734	0000	24
		_I2C_MasterReadTRBBuild		CODE           	0624	0000	41
		_I2C_Initialize		CODE           	0719	0000	28
		_I2C_MasterWriteTRBBuild		CODE           	06BE	0000	33
		_I2C_BusCollisionISR		CODE           	07F9	0000	2
		_I2C_MasterRead		CODE           	064C	0000	40

mcc_generated_files/i2c.c estimated size: 613

/Applications/microchip/xc8/v2.00/pic/sources/c90/common/Umul32.c
		___lmul        		CODE           	059F	0000	49

/Applications/microchip/xc8/v2.00/pic/sources/c90/common/Umul32.c estimated size: 49

mcc_generated_files/pin_manager.c
		_PIN_MANAGER_Initialize		CODE           	0522	0000	73

mcc_generated_files/pin_manager.c estimated size: 73

/Applications/microchip/xc8/v2.00/pic/sources/c90/common/lwdiv.c
		___lwdiv       		CODE           	056A	0000	54

/Applications/microchip/xc8/v2.00/pic/sources/c90/common/lwdiv.c estimated size: 54

shared
		__initialization		CODE           	0026	0000	28

shared estimated size: 28

mcc_generated_files/mcc.c
		_WDT_Initialize		CODE           	07EC	0000	5
		_OSCILLATOR_Initialize		CODE           	07E6	0000	7
		_SYSTEM_Initialize		CODE           	07E0	0000	7

mcc_generated_files/mcc.c estimated size: 19

main.c
		_ShiftOut      		CODE           	05FC	0000	41
		_BMP280_readCoefficients		CODE           	06DE	0000	32
		_TickISR       		CODE           	07F0	0000	5
		_main          		CODE           	032E	0000	125
		_BMP280_readTemperature		CODE           	0044	0000	443
		_BMP280_Read   		CODE           	03AA	0000	112
		_BMP280_read24_le		CODE           	04D7	0000	76
		_BMP280_read8  		CODE           	0791	0000	16
		_BMP280_read16 		CODE           	075E	0000	19
		_BMP280_Write8 		CODE           	069A	0000	37
		_DisplayNum    		CODE           	0419	0000	109
		_BMP280_readS16		CODE           	07C1	0000	11

main.c estimated size: 1026

/Applications/microchip/xc8/v2.00/pic/sources/c90/common/lwmod.c
		___lwmod       		CODE           	05CF	0000	46

/Applications/microchip/xc8/v2.00/pic/sources/c90/common/lwmod.c estimated size: 46

